
> temp-app@0.0.0 test
> vitest --run


[1m[46m RUN [49m[22m [36mv4.0.18 [39m[90mC:/Users/vcham/Documents/VS Code Programs/Benchmark[39m

 [31m❯[39m src/components/FinancialDashboard.test.jsx [2m([22m[2m4 tests[22m[2m | [22m[31m1 failed[39m[2m)[22m[32m 78[2mms[22m[39m
     [32m✓[39m renders nothing when no financials provided[32m 9[2mms[22m[39m
     [32m✓[39m renders the scorecard title[32m 38[2mms[22m[39m
     [32m✓[39m renders all 5 gauges with correct labels[32m 15[2mms[22m[39m
[31m     [31m×[31m displays correct values in the gauges[39m[32m 15[2mms[22m[39m

[31m⎯⎯⎯⎯⎯⎯⎯[39m[1m[41m Failed Tests 1 [49m[22m[31m⎯⎯⎯⎯⎯⎯⎯[39m

[41m[1m FAIL [22m[49m src/components/FinancialDashboard.test.jsx[2m > [22mFinancialDashboard[2m > [22mdisplays correct values in the gauges
[31m[1mTestingLibraryElementError[22m[39m: Unable to find an element with the text: 55.00%. This could be because the text is broken up by multiple elements. In this case, you can provide a function for your text matcher to make your matcher more flexible.

Ignored nodes: comments, script, style
[36m<body>[39m
  [36m<div>[39m
    [36m<div[39m
      [33mclass[39m=[32m"space-y-8"[39m
    [36m>[39m
      [36m<h2[39m
        [33mclass[39m=[32m"text-2xl font-bold text-blue-900 border-b pb-2"[39m
      [36m>[39m
        [0mFinancial Health Scorecard[0m
      [36m</h2>[39m
      [36m<div[39m
        [33mclass[39m=[32m"grid grid-cols-1 md:grid-cols-2 lg:grid-cols-3 gap-8 justify-items-center"[39m
      [36m>[39m
        [36m<div[39m
          [33mclass[39m=[32m"flex flex-col items-center"[39m
        [36m>[39m
          [36m<div[39m
            [33mclass[39m=[32m"relative w-48 h-24"[39m
          [36m>[39m
            [36m<div[39m
              [33mclass[39m=[32m"recharts-responsive-container"[39m
            [36m>[39m
              [36m<div[39m
                [33mclass[39m=[32m"recharts-wrapper"[39m
                [33mstyle[39m=[32m"position: relative; cursor: default;"[39m
              [36m/>[39m
            [36m</div>[39m
            [36m<div[39m
              [33mclass[39m=[32m"absolute bottom-0 left-1/2 w-1 h-20 origin-bottom bg-gray-800 transition-transform duration-1000 ease-out"[39m
              [33mstyle[39m=[32m"transform: translateX(-50%) rotate(-105deg);"[39m
            [36m/>[39m
            [36m<div[39m
              [33mclass[39m=[32m"absolute bottom-0 left-1/2 w-4 h-4 -ml-2 -mb-2 rounded-full bg-gray-800"[39m
            [36m/>[39m
          [36m</div>[39m
          [36m<div[39m
            [33mclass[39m=[32m"text-center mt-2"[39m
          [36m>[39m
            [36m<h3[39m
              [33mclass[39m=[32m"text-sm font-medium text-gray-500 uppercase"[39m
            [36m>[39m
              [0mEfficiency Ratio[0m
            [36m</h3>[39m
            [36m<div[39m
              [33mclass[39m=[32m"text-2xl font-bold text-gray-800"[39m
            [36m>[39m
              [0m55[0m
              [0m%[0m
            [36m</div>[39m
            [36m<div[39m
              [33mclass[39m=[32m"text-xs text-gray-400 mt-1"[39m
            [36m>[39m
              [0mAvg: [0m
              [0m60[0m
              [0m%[0m
            [36m</div>[39m
          [36m</div>[39m
        [36m</div>[39m
        [36m<div[39m
          [33mclass[39m=[32m"flex flex-col items-center"[39m
        [36m>[39m
          [36m<div[39m
            [33mclass[39m=[32m"relative w-48 h-24"[39m
          [36m>[39m
            [36m<div[39m
              [33mclass[39m=[32m"recharts-responsive-container"[39m
            [36m>[39m
              [36m<div[39m
                [33mclass[39m=[32m"recharts-wrapper"[39m
                [33mstyle[39m=[32m"position: relative; cursor: default;"[39m
              [36m/>[39m
            [36m</div>[39m
            [36m<div[39m
              [33mclass[39m=[32m"absolute bottom-0 left-1/2 w-1 h-20 origin-bottom bg-gray-800 transition-transform duration-1000 ease-out"[39m
              [33mstyle[39m=[32m"transform: translateX(-50%) rotate(-90deg);"[39m
            [36m/>[39m
            [36m<div[39m
              [33mclass[39m=[32m"absolute bottom-0 left-1/2 w-4 h-4 -ml-2 -mb-2 rounded-full bg-gray-800"[39m
            [36m/>[39m
          [36m</div>[39m
          [36m<div[39m
            [33mclass[39m=[32m"text-center mt-2"[39m
          [36m>[39m
            [36m<h3[39m
              [33mclass[39m=[32m"text-sm font-medium text-gray-500 uppercase"[39m
            [36m>[39m
              [0mCost of Funds[0m
            [36m</h3>[39m
            [36m<div[39m
              [33mclass[39m=[32m"text-2xl font-bold text-gray-800"[39m
            [36m>[39m
              [0m2.5[0m
              [0m%[0m
            [36m</div>[39m
            [36m<div[39m
              [33mclass[39m=[32m"text-xs text-gray-400 mt-1"[39m
            [36m>[39m
              [0mAvg: [0m
              [0m2.5[0m
              [0m%[0m
            [36m</div>[39m
          [36m</div>[39m
        [36m</div>[39m
        [36m<div[39m
          [33mclass[39m=[32m"flex flex-col items-center"[39m
        [36m>[39m
          [36m<div[39m
            [33mclass[39m=[32m"relative w-48 h-24"[39m
          [36m>[39m
            [36m<div[39m
              [33mclass[39m=[32m"recharts-responsive-container"[39m
            [36m>[39m
              [36m<div[39m
                [33mclass[39m=[32m"recharts-wrapper"[39m
                [33mstyle[39m=[32m"position: relative; cursor: default;"[39m
              [36m/>[39m
            [36m</div>[39m
            [36m<div[39m
              [33mclass[39m=[32m"absolute bottom-0 left-1/2 w-1 h-20 origin-bottom bg-gray-800 transition-transform duration-1000 ease-out"[39m
              [33mstyle[39m=[32m"transform: translateX(-50%) rotate(-90deg);"[39m
            [36m/>[39m
            [36m<div[39m
              [33mclass[39m=[32m"absolute bottom-0 left-1/2 w-4 h-4 -ml-2 -mb-2 rounded-full bg-gray-800"[39m
            [36m/>[39m
          [36m</div>[39m
          [36m<div[39m
            [33mclass[39m=[32m"text-center mt-2"[39m
          [36m>[39m
            [36m<h3[39m
              [33mclass[39m=[32m"text-sm font-medium text-gray-500 uppercase"[39m
            [36m>[39m
              [0mNon-Interest Income[0m
            [36m</h3>[39m
            [36m<div[39m
              [33mclass[39m=[32m"text-2xl font-bold text-gray-800"[39m
            [36m>[39m
              [0m20[0m
              [0m%[0m
            [36m</div>[39m
            [36m<div[39m
              [33mclass[39m=[32m"text-xs text-gray-400 mt-1"[39m
            [36m>[39m
              [0mAvg: [0m
              [0m20[0m
              [0m%[0m
            [36m</div>[39m
          [36m</div>[39m
        [36m</div>[39m
        [36m<div[39m
          [33mclass[39m=[32m"flex flex-col items-center"[39m
        [36m>[39m
          [36m<div[39m
            [33mclass[39m=[32m"relative w-48 h-24"[39m
          [36m>[39m
            [36m<div[39m
              [33mclass[39m=[32m"recharts-responsive-container"[39m
            [36m>[39m
              [36m<div[39m
                [33mclass[39m=[32m"recharts-wrapper"[39m
                [33mstyle[39m=[32m"position: relative; cursor: default;"[39m
              [36m/>[39m
            [36m</div>[39m
            [36m<div[39m
              [33mclass[39m=[32m"absolute bottom-0 left-1/2 w-1 h-20 origin-bottom bg-gray-800 transition-transform duration-1000 ease-out"[39m
              [33mstyle[39m=[32m"transform: translateX(-50%) rotate(-90deg);"[39m
            [36m/>[39m
            [36m<div[39m
              [33mclass[39m=[32m"absolute bottom-0 left-1/2 w-4 h-4 -ml-2 -mb-2 rounded-full bg-gray-800"[39m
            [36m/>[39m
          [36m</div>[39m
          [36m<div[39m
            [33mclass[39m=[32m"text-center mt-2"[39m
          [36m>[39m
            [36m<h3[39m
              [33mclass[39m=[32m"text-sm font-medium text-gray-500 uppercase"[39m
            [36m>[39m
              [0mYield on Loans[0m
            [36m</h3>[39m
            [36m<div[39m
              [33mclass[39m=[32m"text-2xl font-bold text-gray-800"[39m
            [36m>[39m
              [0m6[0m
              [0m%[0m
            [36m</div>[39m
            [36m<div[39m
              [33mclass[39m=[32m"text-xs text-gray-400 mt-1"[39m
            [36m>[39m
              [0mAvg: [0m
              [0m6[0m
              [0m%[0m
            [36m</div>[39m
          [36m</div>[39m
        [36m</div>[39m
        [36m<div[39m
          [33mclass[39m=[32m"flex flex-col items-center"[39m
        [36m>[39m
          [36m<div[39m
            [33mclass[39m=[32m"relative w-48 h-24"[39m
          [36m>[39m
            [36m<div[39m
              [33mclass[39m=[32m"recharts-responsive-container"[39m
            [36m>[39m
              [36m<div[39m
                [33mclass[39m=[32m"recharts-wrapper"[39m
                [33mstyle[39m=[32m"position: relative; cursor: default;"[39m
              [36m/>[39m
            [36m</div>[39m
            [36m<div[39m
              [33mclass[39m=[32m"absolute bottom-0 left-1/2 w-1 h-20 origin-bottom bg-gray-800 transition-transform duration-1000 ease-out"[39m
              [33mstyle[39m=[32m"transform: translateX(-50%) rotate(-85.5deg);"[39m
            [36m/>[39m
            [36m<div[39m
              [33mclass[39m=[32m"absolute bottom-0 left-1/2 w-4 h-4 -ml-2 -mb-2 rounded-full bg-gray-800"[39m
            [36m/>[39m
          [36m</div>[39m
          [36m<div[39m
            [33mclass[39m=[32m"text-center mt-2"[39m
          [36m>[39m
            [36m<h3[39m
              [33mclass[39m=[32m"text-sm font-medium text-gray-500 uppercase"[39m
            [36m>[39m
              [0mAssets / Employee ($M)[0m
            [36m</h3>[39m
            [36m<div[39m
              [33mclass[39m=[32m"text-2xl font-bold text-gray-800"[39m
            [36m>[39m
              [0m10.5[0m
              [0m%[0m
            [36m</div>[39m
            [36m<div[39m
              [33mclass[39m=[32m"text-xs text-gray-400 mt-1"[39m
            [36m>[39m
              [0mAvg: [0m
              [0m10[0m
              [0m%[0m
            [36m</div>[39m
          [36m</div>[39m
        [36m</div>[39m
      [36m</div>[39m
    [36m</div>[39m
  [36m</div>[39m
[36m</body>[39m
[90m [2m❯[22m Object.getElementError node_modules/@testing-library/dom/dist/config.js:[2m37:19[22m[39m
[90m [2m❯[22m node_modules/@testing-library/dom/dist/query-helpers.js:[2m76:38[22m[39m
[90m [2m❯[22m node_modules/@testing-library/dom/dist/query-helpers.js:[2m52:17[22m[39m
[90m [2m❯[22m node_modules/@testing-library/dom/dist/query-helpers.js:[2m95:19[22m[39m
[36m [2m❯[22m src/components/FinancialDashboard.test.jsx:[2m56:23[22m[39m
    [90m 54| [39m
    [90m 55| [39m        [90m// Check for Values[39m
    [90m 56| [39m        expect(screen.getByText('55.00%')).toBeInTheDocument(); // Eff…
    [90m   | [39m                      [31m^[39m
    [90m 57| [39m        expect(screen.getByText('2.50%')).toBeInTheDocument();  // Cos…
    [90m 58| [39m        expect(screen.getByText('20.00%')).toBeInTheDocument(); // Non…

[31m[2m⎯⎯⎯⎯⎯⎯⎯⎯⎯⎯⎯⎯⎯⎯⎯⎯⎯⎯⎯⎯⎯⎯⎯⎯[1/1]⎯[22m[39m


[2m Test Files [22m [1m[31m1 failed[39m[22m[90m (1)[39m
[2m      Tests [22m [1m[31m1 failed[39m[22m[2m | [22m[1m[32m3 passed[39m[22m[90m (4)[39m
[2m   Start at [22m 23:25:59
[2m   Duration [22m 1.28s[2m (transform 53ms, setup 78ms, import 382ms, tests 78ms, environment 567ms)[22m

